Info: Start Nativelink Simulation process

========= EDA Simulation Settings =====================

Sim Mode              :  Gate
Family                :  cyclonev
Quartus root          :  c:/intelfpga_lite/20.1/quartus/bin64/
Quartus sim root      :  c:/intelfpga_lite/20.1/quartus/eda/sim_lib
Simulation Tool       :  modelsim-altera
Simulation Language   :  verilog
Simulation Mode       :  GUI
Sim Output File       :  VGA_Paint.vo
Sim SDF file          :  VGA_Paint__verilog.sdo
Sim dir               :  simulation\modelsim

=======================================================

Info: Starting NativeLink simulation with ModelSim-Altera software
Sourced NativeLink script c:/intelfpga_lite/20.1/quartus/common/tcl/internal/nativelink/modelsim.tcl
Warning: File VGA_Paint_run_msim_gate_verilog.do already exists - backing up current file as VGA_Paint_run_msim_gate_verilog.do.bak9
Probing transcript
ModelSim-Altera Info: # Reading pref.tcl
ModelSim-Altera Info: # do VGA_Paint_run_msim_gate_verilog.do
ModelSim-Altera Info: # if {[file exists gate_work]} {
ModelSim-Altera Info: # 	vdel -lib gate_work -all
ModelSim-Altera Info: # }
ModelSim-Altera Info: # vlib gate_work
ModelSim-Altera Info: # vmap work gate_work
ModelSim-Altera Info: # Model Technology ModelSim - Intel FPGA Edition vmap 2020.1 Lib Mapping Utility 2020.02 Feb 28 2020
ModelSim-Altera Info: # vmap work gate_work 
ModelSim-Altera Info: # Copying C:/intelFPGA/20.1/modelsim_ase/win32aloem/../modelsim.ini to modelsim.ini
ModelSim-Altera Info: # Modifying modelsim.ini
ModelSim-Altera Info: # 
ModelSim-Altera Info: # vlog -vlog01compat -work work +incdir+. {VGA_Paint.vo}
ModelSim-Altera Info: # Model Technology ModelSim - Intel FPGA Edition vlog 2020.1 Compiler 2020.02 Feb 28 2020
ModelSim-Altera Info: # Start time: 19:42:39 on May 22,2022
ModelSim-Altera Info: # vlog -reportprogress 300 -vlog01compat -work work "+incdir+." VGA_Paint.vo 
ModelSim-Altera Info: # -- Compiling module VGA_Paint
ModelSim-Altera Info: # 
ModelSim-Altera Info: # Top level modules:
ModelSim-Altera Info: # 	VGA_Paint
ModelSim-Altera Info: # End time: 19:42:39 on May 22,2022, Elapsed time: 0:00:00
ModelSim-Altera Info: # Errors: 0, Warnings: 0
ModelSim-Altera Info: # 
ModelSim-Altera Info: # vlog -vlog01compat -work work +incdir+C:/FPGA/0509_Hw/Hw1 {C:/FPGA/0509_Hw/Hw1/VGA_Paint_tb.v}
ModelSim-Altera Info: # Model Technology ModelSim - Intel FPGA Edition vlog 2020.1 Compiler 2020.02 Feb 28 2020
ModelSim-Altera Info: # Start time: 19:42:39 on May 22,2022
ModelSim-Altera Info: # vlog -reportprogress 300 -vlog01compat -work work "+incdir+C:/FPGA/0509_Hw/Hw1" C:/FPGA/0509_Hw/Hw1/VGA_Paint_tb.v 
ModelSim-Altera Info: # -- Compiling module VGA_Paint_tb
ModelSim-Altera Info: # 
ModelSim-Altera Info: # Top level modules:
ModelSim-Altera Info: # 	VGA_Paint_tb
ModelSim-Altera Info: # End time: 19:42:39 on May 22,2022, Elapsed time: 0:00:00
ModelSim-Altera Info: # Errors: 0, Warnings: 0
ModelSim-Altera Info: # 
ModelSim-Altera Info: # vsim -t 1ps -L altera_ver -L altera_lnsim_ver -L cyclonev_ver -L lpm_ver -L sgate_ver -L cyclonev_hssi_ver -L altera_mf_ver -L cyclonev_pcie_hip_ver -L gate_work -L work -voptargs="+acc"  VGA_Paint_tb
ModelSim-Altera Info: # vsim -t 1ps -L altera_ver -L altera_lnsim_ver -L cyclonev_ver -L lpm_ver -L sgate_ver -L cyclonev_hssi_ver -L altera_mf_ver -L cyclonev_pcie_hip_ver -L gate_work -L work -voptargs=""+acc"" VGA_Paint_tb 
ModelSim-Altera Info: # Start time: 19:42:39 on May 22,2022
ModelSim-Altera Info: # Loading work.VGA_Paint_tb
ModelSim-Altera Info: # Loading work.VGA_Paint
ModelSim-Altera Info: # Loading cyclonev_ver.cyclonev_io_obuf
ModelSim-Altera Info: # Loading cyclonev_ver.cyclonev_io_ibuf
ModelSim-Altera Info: # Loading cyclonev_ver.cyclonev_lcell_comb
ModelSim-Altera Info: # Loading altera_ver.dffeas
ModelSim-Altera Info: # Loading cyclonev_ver.cyclonev_mac
ModelSim-Altera Info: # Loading altera_ver.PRIM_GDFF_LOW
ModelSim-Altera Warning: # ** Warning: (vsim-3016) Port type is incompatible with connection (port 'ax').
ModelSim-Altera Info: #    Time: 0 ps  Iteration: 0  Instance: /VGA_Paint_tb/U1/\Mult5~327  File: VGA_Paint.vo Line: 5446
ModelSim-Altera Warning: # ** Warning: (vsim-3016) Port type is incompatible with connection (port 'ax').
ModelSim-Altera Info: #    Time: 0 ps  Iteration: 0  Instance: /VGA_Paint_tb/U1/\Mult5~327  File: VGA_Paint.vo Line: 5446
ModelSim-Altera Warning: # ** Warning: (vsim-3016) Port type is incompatible with connection (port 'ax').
ModelSim-Altera Info: #    Time: 0 ps  Iteration: 0  Instance: /VGA_Paint_tb/U1/\Mult5~327  File: VGA_Paint.vo Line: 5446
ModelSim-Altera Warning: # ** Warning: (vsim-3015) [PCDPC] - Port size (1) does not match connection size (26) for port 'az'. The port definition is at: $MODEL_TECH/../altera/verilog/src/cyclonev_atoms.v(4326).
ModelSim-Altera Info: #    Time: 0 ps  Iteration: 0  Instance: /VGA_Paint_tb/U1/\Mult5~327  File: VGA_Paint.vo Line: 5446
ModelSim-Altera Warning: # ** Warning: (vsim-3015) [PCDPC] - Port size (16) does not match connection size (18) for port 'bx'. The port definition is at: $MODEL_TECH/../altera/verilog/src/cyclonev_atoms.v(4328).
ModelSim-Altera Info: #    Time: 0 ps  Iteration: 0  Instance: /VGA_Paint_tb/U1/\Mult5~327  File: VGA_Paint.vo Line: 5446
ModelSim-Altera Warning: # ** Warning: (vsim-3015) [PCDPC] - Port size (16) does not match connection size (19) for port 'by'. The port definition is at: $MODEL_TECH/../altera/verilog/src/cyclonev_atoms.v(4329).
ModelSim-Altera Info: #    Time: 0 ps  Iteration: 0  Instance: /VGA_Paint_tb/U1/\Mult5~327  File: VGA_Paint.vo Line: 5446
ModelSim-Altera Warning: # ** Warning: (vsim-3015) [PCDPC] - Port size (1) does not match connection size (18) for port 'bz'. The port definition is at: $MODEL_TECH/../altera/verilog/src/cyclonev_atoms.v(4330).
ModelSim-Altera Info: #    Time: 0 ps  Iteration: 0  Instance: /VGA_Paint_tb/U1/\Mult5~327  File: VGA_Paint.vo Line: 5446
ModelSim-Altera Warning: # ** Warning: (vsim-3015) [PCDPC] - Port size (18) does not match connection size (27) for port 'scanin'. The port definition is at: $MODEL_TECH/../altera/verilog/src/cyclonev_atoms.v(4332).
ModelSim-Altera Info: #    Time: 0 ps  Iteration: 0  Instance: /VGA_Paint_tb/U1/\Mult5~327  File: VGA_Paint.vo Line: 5446
ModelSim-Altera Warning: # ** Warning: (vsim-3015) [PCDPC] - Port size (64) does not match connection size (1) for port 'chainin'. The port definition is at: $MODEL_TECH/../altera/verilog/src/cyclonev_atoms.v(4333).
ModelSim-Altera Info: #    Time: 0 ps  Iteration: 0  Instance: /VGA_Paint_tb/U1/\Mult5~327  File: VGA_Paint.vo Line: 5446
ModelSim-Altera Warning: # ** Warning: (vsim-3015) [PCDPC] - Port size (<protected>) does not match connection size (<protected>) for <protected>.<protected>
ModelSim-Altera Info: #    Time: 0 ps  Iteration: 0  Protected: /VGA_Paint_tb/U1/\Mult5~327 /inst/<protected> File: $MODEL_TECH/../altera/verilog/src/mentor/cyclonev_atoms_ncrypt.v Line: 38
ModelSim-Altera Warning: # ** Warning: (vsim-3015) [PCDPC] - Port size (<protected>) does not match connection size (<protected>) for <protected>.<protected>
ModelSim-Altera Info: #    Time: 0 ps  Iteration: 0  Protected: /VGA_Paint_tb/U1/\Mult5~327 /inst/<protected> File: $MODEL_TECH/../altera/verilog/src/mentor/cyclonev_atoms_ncrypt.v Line: 38
ModelSim-Altera Warning: # ** Warning: (vsim-3016) Port type is incompatible with connection (port 'ax').
ModelSim-Altera Info: #    Time: 0 ps  Iteration: 0  Instance: /VGA_Paint_tb/U1/\Mult5~mult_hlmac  File: VGA_Paint.vo Line: 5525
ModelSim-Altera Warning: # ** Warning: (vsim-3016) Port type is incompatible with connection (port 'ax').
ModelSim-Altera Info: #    Time: 0 ps  Iteration: 0  Instance: /VGA_Paint_tb/U1/\Mult5~mult_hlmac  File: VGA_Paint.vo Line: 5525
ModelSim-Altera Warning: # ** Warning: (vsim-3016) Port type is incompatible with connection (port 'ax').
ModelSim-Altera Info: #    Time: 0 ps  Iteration: 0  Instance: /VGA_Paint_tb/U1/\Mult5~mult_hlmac  File: VGA_Paint.vo Line: 5525
ModelSim-Altera Warning: # ** Warning: (vsim-3015) [PCDPC] - Port size (1) does not match connection size (26) for port 'az'. The port definition is at: $MODEL_TECH/../altera/verilog/src/cyclonev_atoms.v(4326).
ModelSim-Altera Info: #    Time: 0 ps  Iteration: 0  Instance: /VGA_Paint_tb/U1/\Mult5~mult_hlmac  File: VGA_Paint.vo Line: 5525
ModelSim-Altera Warning: # ** Warning: (vsim-3015) [PCDPC] - Port size (1) does not match connection size (18) for port 'bz'. The port definition is at: $MODEL_TECH/../altera/verilog/src/cyclonev_atoms.v(4330).
ModelSim-Altera Info: #    Time: 0 ps  Iteration: 0  Instance: /VGA_Paint_tb/U1/\Mult5~mult_hlmac  File: VGA_Paint.vo Line: 5525
ModelSim-Altera Warning: # ** Warning: (vsim-3015) [PCDPC] - Port size (14) does not match connection size (27) for port 'scanin'. The port definition is at: $MODEL_TECH/../altera/verilog/src/cyclonev_atoms.v(4332).
ModelSim-Altera Info: #    Time: 0 ps  Iteration: 0  Instance: /VGA_Paint_tb/U1/\Mult5~mult_hlmac  File: VGA_Paint.vo Line: 5525
ModelSim-Altera Warning: # ** Warning: (vsim-3015) [PCDPC] - Port size (64) does not match connection size (1) for port 'chainin'. The port definition is at: $MODEL_TECH/../altera/verilog/src/cyclonev_atoms.v(4333).
ModelSim-Altera Info: #    Time: 0 ps  Iteration: 0  Instance: /VGA_Paint_tb/U1/\Mult5~mult_hlmac  File: VGA_Paint.vo Line: 5525
ModelSim-Altera Warning: # ** Warning: (vsim-3015) [PCDPC] - Port size (<protected>) does not match connection size (<protected>) for <protected>.<protected>
ModelSim-Altera Info: #    Time: 0 ps  Iteration: 0  Protected: /VGA_Paint_tb/U1/\Mult5~mult_hlmac /inst/<protected> File: $MODEL_TECH/../altera/verilog/src/mentor/cyclonev_atoms_ncrypt.v Line: 38
ModelSim-Altera Warning: # ** Warning: (vsim-3015) [PCDPC] - Port size (<protected>) does not match connection size (<protected>) for <protected>.<protected>
ModelSim-Altera Info: #    Time: 0 ps  Iteration: 0  Protected: /VGA_Paint_tb/U1/\Mult5~mult_hlmac /inst/<protected> File: $MODEL_TECH/../altera/verilog/src/mentor/cyclonev_atoms_ncrypt.v Line: 38
ModelSim-Altera Warning: # ** Warning: (vsim-3016) Port type is incompatible with connection (port 'ay').
ModelSim-Altera Info: #    Time: 0 ps  Iteration: 0  Instance: /VGA_Paint_tb/U1/\Mult6~324  File: VGA_Paint.vo Line: 5605
ModelSim-Altera Warning: # ** Warning: (vsim-3016) Port type is incompatible with connection (port 'ay').
ModelSim-Altera Info: #    Time: 0 ps  Iteration: 0  Instance: /VGA_Paint_tb/U1/\Mult6~324  File: VGA_Paint.vo Line: 5605
ModelSim-Altera Warning: # ** Warning: (vsim-3016) Port type is incompatible with connection (port 'ay').
ModelSim-Altera Info: #    Time: 0 ps  Iteration: 0  Instance: /VGA_Paint_tb/U1/\Mult6~324  File: VGA_Paint.vo Line: 5605
ModelSim-Altera Warning: # ** Warning: (vsim-3016) Port type is incompatible with connection (port 'ay').
ModelSim-Altera Info: #    Time: 0 ps  Iteration: 0  Instance: /VGA_Paint_tb/U1/\Mult6~324  File: VGA_Paint.vo Line: 5605
ModelSim-Altera Warning: # ** Warning: (vsim-3016) Port type is incompatible with connection (port 'ay').
ModelSim-Altera Info: #    Time: 0 ps  Iteration: 0  Instance: /VGA_Paint_tb/U1/\Mult6~324  File: VGA_Paint.vo Line: 5605
ModelSim-Altera Warning: # ** Warning: (vsim-3016) Port type is incompatible with connection (port 'ay').
ModelSim-Altera Info: #    Time: 0 ps  Iteration: 0  Instance: /VGA_Paint_tb/U1/\Mult6~324  File: VGA_Paint.vo Line: 5605
ModelSim-Altera Warning: # ** Warning: (vsim-3016) Port type is incompatible with connection (port 'ay').
ModelSim-Altera Info: #    Time: 0 ps  Iteration: 0  Instance: /VGA_Paint_tb/U1/\Mult6~324  File: VGA_Paint.vo Line: 5605
ModelSim-Altera Warning: # ** Warning: (vsim-3016) Port type is incompatible with connection (port 'ay').
ModelSim-Altera Info: #    Time: 0 ps  Iteration: 0  Instance: /VGA_Paint_tb/U1/\Mult6~324  File: VGA_Paint.vo Line: 5605
ModelSim-Altera Warning: # ** Warning: (vsim-3016) Port type is incompatible with connection (port 'ay').
ModelSim-Altera Info: #    Time: 0 ps  Iteration: 0  Instance: /VGA_Paint_tb/U1/\Mult6~324  File: VGA_Paint.vo Line: 5605
ModelSim-Altera Warning: # ** Warning: (vsim-3016) Port type is incompatible with connection (port 'ay').
ModelSim-Altera Info: #    Time: 0 ps  Iteration: 0  Instance: /VGA_Paint_tb/U1/\Mult6~324  File: VGA_Paint.vo Line: 5605
ModelSim-Altera Warning: # ** Warning: (vsim-3016) Port type is incompatible with connection (port 'ay').
ModelSim-Altera Info: #    Time: 0 ps  Iteration: 0  Instance: /VGA_Paint_tb/U1/\Mult6~324  File: VGA_Paint.vo Line: 5605
ModelSim-Altera Warning: # ** Warning: (vsim-3016) Port type is incompatible with connection (port 'ay').
ModelSim-Altera Info: #    Time: 0 ps  Iteration: 0  Instance: /VGA_Paint_tb/U1/\Mult6~324  File: VGA_Paint.vo Line: 5605
ModelSim-Altera Warning: # ** Warning: (vsim-3016) Port type is incompatible with connection (port 'ay').
ModelSim-Altera Info: #    Time: 0 ps  Iteration: 0  Instance: /VGA_Paint_tb/U1/\Mult6~324  File: VGA_Paint.vo Line: 5605
ModelSim-Altera Warning: # ** Warning: (vsim-3015) [PCDPC] - Port size (1) does not match connection size (26) for port 'az'. The port definition is at: $MODEL_TECH/../altera/verilog/src/cyclonev_atoms.v(4326).
ModelSim-Altera Info: #    Time: 0 ps  Iteration: 0  Instance: /VGA_Paint_tb/U1/\Mult6~324  File: VGA_Paint.vo Line: 5605
ModelSim-Altera Warning: # ** Warning: (vsim-3015) [PCDPC] - Port size (16) does not match connection size (18) for port 'bx'. The port definition is at: $MODEL_TECH/../altera/verilog/src/cyclonev_atoms.v(4328).
ModelSim-Altera Info: #    Time: 0 ps  Iteration: 0  Instance: /VGA_Paint_tb/U1/\Mult6~324  File: VGA_Paint.vo Line: 5605
ModelSim-Altera Warning: # ** Warning: (vsim-3015) [PCDPC] - Port size (16) does not match connection size (19) for port 'by'. The port definition is at: $MODEL_TECH/../altera/verilog/src/cyclonev_atoms.v(4329).
ModelSim-Altera Info: #    Time: 0 ps  Iteration: 0  Instance: /VGA_Paint_tb/U1/\Mult6~324  File: VGA_Paint.vo Line: 5605
ModelSim-Altera Warning: # ** Warning: (vsim-3015) [PCDPC] - Port size (1) does not match connection size (18) for port 'bz'. The port definition is at: $MODEL_TECH/../altera/verilog/src/cyclonev_atoms.v(4330).
ModelSim-Altera Info: #    Time: 0 ps  Iteration: 0  Instance: /VGA_Paint_tb/U1/\Mult6~324  File: VGA_Paint.vo Line: 5605
ModelSim-Altera Warning: # ** Warning: (vsim-3015) [PCDPC] - Port size (18) does not match connection size (27) for port 'scanin'. The port definition is at: $MODEL_TECH/../altera/verilog/src/cyclonev_atoms.v(4332).
ModelSim-Altera Info: #    Time: 0 ps  Iteration: 0  Instance: /VGA_Paint_tb/U1/\Mult6~324  File: VGA_Paint.vo Line: 5605
ModelSim-Altera Warning: # ** Warning: (vsim-3015) [PCDPC] - Port size (64) does not match connection size (1) for port 'chainin'. The port definition is at: $MODEL_TECH/../altera/verilog/src/cyclonev_atoms.v(4333).
ModelSim-Altera Info: #    Time: 0 ps  Iteration: 0  Instance: /VGA_Paint_tb/U1/\Mult6~324  File: VGA_Paint.vo Line: 5605
ModelSim-Altera Warning: # ** Warning: (vsim-3015) [PCDPC] - Port size (<protected>) does not match connection size (<protected>) for <protected>.<protected>
ModelSim-Altera Info: #    Time: 0 ps  Iteration: 0  Protected: /VGA_Paint_tb/U1/\Mult6~324 /inst/<protected> File: $MODEL_TECH/../altera/verilog/src/mentor/cyclonev_atoms_ncrypt.v Line: 38
ModelSim-Altera Warning: # ** Warning: (vsim-3015) [PCDPC] - Port size (<protected>) does not match connection size (<protected>) for <protected>.<protected>
ModelSim-Altera Info: #    Time: 0 ps  Iteration: 0  Protected: /VGA_Paint_tb/U1/\Mult6~324 /inst/<protected> File: $MODEL_TECH/../altera/verilog/src/mentor/cyclonev_atoms_ncrypt.v Line: 38
ModelSim-Altera Warning: # ** Warning: (vsim-3016) Port type is incompatible with connection (port 'ay').
ModelSim-Altera Info: #    Time: 0 ps  Iteration: 0  Instance: /VGA_Paint_tb/U1/\Mult6~mult_hlmac  File: VGA_Paint.vo Line: 5683
ModelSim-Altera Warning: # ** Warning: (vsim-3016) Port type is incompatible with connection (port 'ay').
ModelSim-Altera Info: #    Time: 0 ps  Iteration: 0  Instance: /VGA_Paint_tb/U1/\Mult6~mult_hlmac  File: VGA_Paint.vo Line: 5683
ModelSim-Altera Warning: # ** Warning: (vsim-3016) Port type is incompatible with connection (port 'ay').
ModelSim-Altera Info: #    Time: 0 ps  Iteration: 0  Instance: /VGA_Paint_tb/U1/\Mult6~mult_hlmac  File: VGA_Paint.vo Line: 5683
ModelSim-Altera Warning: # ** Warning: (vsim-3016) Port type is incompatible with connection (port 'ay').
ModelSim-Altera Info: #    Time: 0 ps  Iteration: 0  Instance: /VGA_Paint_tb/U1/\Mult6~mult_hlmac  File: VGA_Paint.vo Line: 5683
ModelSim-Altera Warning: # ** Warning: (vsim-3016) Port type is incompatible with connection (port 'ay').
ModelSim-Altera Info: #    Time: 0 ps  Iteration: 0  Instance: /VGA_Paint_tb/U1/\Mult6~mult_hlmac  File: VGA_Paint.vo Line: 5683
ModelSim-Altera Warning: # ** Warning: (vsim-3016) Port type is incompatible with connection (port 'ay').
ModelSim-Altera Info: #    Time: 0 ps  Iteration: 0  Instance: /VGA_Paint_tb/U1/\Mult6~mult_hlmac  File: VGA_Paint.vo Line: 5683
ModelSim-Altera Warning: # ** Warning: (vsim-3016) Port type is incompatible with connection (port 'ay').
ModelSim-Altera Info: #    Time: 0 ps  Iteration: 0  Instance: /VGA_Paint_tb/U1/\Mult6~mult_hlmac  File: VGA_Paint.vo Line: 5683
ModelSim-Altera Warning: # ** Warning: (vsim-3016) Port type is incompatible with connection (port 'ay').
ModelSim-Altera Info: #    Time: 0 ps  Iteration: 0  Instance: /VGA_Paint_tb/U1/\Mult6~mult_hlmac  File: VGA_Paint.vo Line: 5683
ModelSim-Altera Warning: # ** Warning: (vsim-3016) Port type is incompatible with connection (port 'ay').
ModelSim-Altera Info: #    Time: 0 ps  Iteration: 0  Instance: /VGA_Paint_tb/U1/\Mult6~mult_hlmac  File: VGA_Paint.vo Line: 5683
ModelSim-Altera Warning: # ** Warning: (vsim-3016) Port type is incompatible with connection (port 'ay').
ModelSim-Altera Info: #    Time: 0 ps  Iteration: 0  Instance: /VGA_Paint_tb/U1/\Mult6~mult_hlmac  File: VGA_Paint.vo Line: 5683
ModelSim-Altera Warning: # ** Warning: (vsim-3016) Port type is incompatible with connection (port 'ay').
ModelSim-Altera Info: #    Time: 0 ps  Iteration: 0  Instance: /VGA_Paint_tb/U1/\Mult6~mult_hlmac  File: VGA_Paint.vo Line: 5683
ModelSim-Altera Warning: # ** Warning: (vsim-3016) Port type is incompatible with connection (port 'ay').
ModelSim-Altera Info: #    Time: 0 ps  Iteration: 0  Instance: /VGA_Paint_tb/U1/\Mult6~mult_hlmac  File: VGA_Paint.vo Line: 5683
ModelSim-Altera Warning: # ** Warning: (vsim-3016) Port type is incompatible with connection (port 'ay').
ModelSim-Altera Info: #    Time: 0 ps  Iteration: 0  Instance: /VGA_Paint_tb/U1/\Mult6~mult_hlmac  File: VGA_Paint.vo Line: 5683
ModelSim-Altera Warning: # ** Warning: (vsim-3016) Port type is incompatible with connection (port 'ay').
ModelSim-Altera Info: #    Time: 0 ps  Iteration: 0  Instance: /VGA_Paint_tb/U1/\Mult6~mult_hlmac  File: VGA_Paint.vo Line: 5683
ModelSim-Altera Warning: # ** Warning: (vsim-3015) [PCDPC] - Port size (1) does not match connection size (26) for port 'az'. The port definition is at: $MODEL_TECH/../altera/verilog/src/cyclonev_atoms.v(4326).
ModelSim-Altera Info: #    Time: 0 ps  Iteration: 0  Instance: /VGA_Paint_tb/U1/\Mult6~mult_hlmac  File: VGA_Paint.vo Line: 5683
ModelSim-Altera Warning: # ** Warning: (vsim-3015) [PCDPC] - Port size (1) does not match connection size (18) for port 'bz'. The port definition is at: $MODEL_TECH/../altera/verilog/src/cyclonev_atoms.v(4330).
ModelSim-Altera Info: #    Time: 0 ps  Iteration: 0  Instance: /VGA_Paint_tb/U1/\Mult6~mult_hlmac  File: VGA_Paint.vo Line: 5683
ModelSim-Altera Warning: # ** Warning: (vsim-3015) [PCDPC] - Port size (14) does not match connection size (27) for port 'scanin'. The port definition is at: $MODEL_TECH/../altera/verilog/src/cyclonev_atoms.v(4332).
ModelSim-Altera Info: #    Time: 0 ps  Iteration: 0  Instance: /VGA_Paint_tb/U1/\Mult6~mult_hlmac  File: VGA_Paint.vo Line: 5683
ModelSim-Altera Warning: # ** Warning: (vsim-3015) [PCDPC] - Port size (64) does not match connection size (1) for port 'chainin'. The port definition is at: $MODEL_TECH/../altera/verilog/src/cyclonev_atoms.v(4333).
ModelSim-Altera Info: #    Time: 0 ps  Iteration: 0  Instance: /VGA_Paint_tb/U1/\Mult6~mult_hlmac  File: VGA_Paint.vo Line: 5683
ModelSim-Altera Warning: # ** Warning: (vsim-3015) [PCDPC] - Port size (<protected>) does not match connection size (<protected>) for <protected>.<protected>
ModelSim-Altera Info: #    Time: 0 ps  Iteration: 0  Protected: /VGA_Paint_tb/U1/\Mult6~mult_hlmac /inst/<protected> File: $MODEL_TECH/../altera/verilog/src/mentor/cyclonev_atoms_ncrypt.v Line: 38
ModelSim-Altera Warning: # ** Warning: (vsim-3015) [PCDPC] - Port size (<protected>) does not match connection size (<protected>) for <protected>.<protected>
ModelSim-Altera Info: #    Time: 0 ps  Iteration: 0  Protected: /VGA_Paint_tb/U1/\Mult6~mult_hlmac /inst/<protected> File: $MODEL_TECH/../altera/verilog/src/mentor/cyclonev_atoms_ncrypt.v Line: 38
ModelSim-Altera Warning: # ** Warning: (vsim-3016) Port type is incompatible with connection (port 'ax').
ModelSim-Altera Info: #    Time: 0 ps  Iteration: 0  Instance: /VGA_Paint_tb/U1/\Mult1~8  File: VGA_Paint.vo Line: 7293
ModelSim-Altera Warning: # ** Warning: (vsim-3016) Port type is incompatible with connection (port 'ax').
ModelSim-Altera Info: #    Time: 0 ps  Iteration: 0  Instance: /VGA_Paint_tb/U1/\Mult1~8  File: VGA_Paint.vo Line: 7293
ModelSim-Altera Warning: # ** Warning: (vsim-3016) Port type is incompatible with connection (port 'ax').
ModelSim-Altera Info: #    Time: 0 ps  Iteration: 0  Instance: /VGA_Paint_tb/U1/\Mult1~8  File: VGA_Paint.vo Line: 7293
ModelSim-Altera Warning: # ** Warning: (vsim-3015) [PCDPC] - Port size (1) does not match connection size (26) for port 'az'. The port definition is at: $MODEL_TECH/../altera/verilog/src/cyclonev_atoms.v(4326).
ModelSim-Altera Info: #    Time: 0 ps  Iteration: 0  Instance: /VGA_Paint_tb/U1/\Mult1~8  File: VGA_Paint.vo Line: 7293
ModelSim-Altera Warning: # ** Warning: (vsim-3015) [PCDPC] - Port size (16) does not match connection size (18) for port 'bx'. The port definition is at: $MODEL_TECH/../altera/verilog/src/cyclonev_atoms.v(4328).
ModelSim-Altera Info: #    Time: 0 ps  Iteration: 0  Instance: /VGA_Paint_tb/U1/\Mult1~8  File: VGA_Paint.vo Line: 7293
ModelSim-Altera Warning: # ** Warning: (vsim-3015) [PCDPC] - Port size (16) does not match connection size (19) for port 'by'. The port definition is at: $MODEL_TECH/../altera/verilog/src/cyclonev_atoms.v(4329).
ModelSim-Altera Info: #    Time: 0 ps  Iteration: 0  Instance: /VGA_Paint_tb/U1/\Mult1~8  File: VGA_Paint.vo Line: 7293
ModelSim-Altera Warning: # ** Warning: (vsim-3015) [PCDPC] - Port size (1) does not match connection size (18) for port 'bz'. The port definition is at: $MODEL_TECH/../altera/verilog/src/cyclonev_atoms.v(4330).
ModelSim-Altera Info: #    Time: 0 ps  Iteration: 0  Instance: /VGA_Paint_tb/U1/\Mult1~8  File: VGA_Paint.vo Line: 7293
ModelSim-Altera Warning: # ** Warning: (vsim-3015) [PCDPC] - Port size (18) does not match connection size (27) for port 'scanin'. The port definition is at: $MODEL_TECH/../altera/verilog/src/cyclonev_atoms.v(4332).
ModelSim-Altera Info: #    Time: 0 ps  Iteration: 0  Instance: /VGA_Paint_tb/U1/\Mult1~8  File: VGA_Paint.vo Line: 7293
ModelSim-Altera Warning: # ** Warning: (vsim-3015) [PCDPC] - Port size (64) does not match connection size (1) for port 'chainin'. The port definition is at: $MODEL_TECH/../altera/verilog/src/cyclonev_atoms.v(4333).
ModelSim-Altera Info: #    Time: 0 ps  Iteration: 0  Instance: /VGA_Paint_tb/U1/\Mult1~8  File: VGA_Paint.vo Line: 7293
ModelSim-Altera Warning: # ** Warning: (vsim-3015) [PCDPC] - Port size (<protected>) does not match connection size (<protected>) for <protected>.<protected>
ModelSim-Altera Info: #    Time: 0 ps  Iteration: 0  Protected: /VGA_Paint_tb/U1/\Mult1~8 /inst/<protected> File: $MODEL_TECH/../altera/verilog/src/mentor/cyclonev_atoms_ncrypt.v Line: 38
ModelSim-Altera Warning: # ** Warning: (vsim-3015) [PCDPC] - Port size (<protected>) does not match connection size (<protected>) for <protected>.<protected>
ModelSim-Altera Info: #    Time: 0 ps  Iteration: 0  Protected: /VGA_Paint_tb/U1/\Mult1~8 /inst/<protected> File: $MODEL_TECH/../altera/verilog/src/mentor/cyclonev_atoms_ncrypt.v Line: 38
ModelSim-Altera Warning: # ** Warning: (vsim-3016) Port type is incompatible with connection (port 'ax').
ModelSim-Altera Info: #    Time: 0 ps  Iteration: 0  Instance: /VGA_Paint_tb/U1/\Mult1~mult_hlmac  File: VGA_Paint.vo Line: 7372
ModelSim-Altera Warning: # ** Warning: (vsim-3016) Port type is incompatible with connection (port 'ax').
ModelSim-Altera Info: #    Time: 0 ps  Iteration: 0  Instance: /VGA_Paint_tb/U1/\Mult1~mult_hlmac  File: VGA_Paint.vo Line: 7372
ModelSim-Altera Warning: # ** Warning: (vsim-3016) Port type is incompatible with connection (port 'ax').
ModelSim-Altera Info: #    Time: 0 ps  Iteration: 0  Instance: /VGA_Paint_tb/U1/\Mult1~mult_hlmac  File: VGA_Paint.vo Line: 7372
ModelSim-Altera Warning: # ** Warning: (vsim-3015) [PCDPC] - Port size (1) does not match connection size (26) for port 'az'. The port definition is at: $MODEL_TECH/../altera/verilog/src/cyclonev_atoms.v(4326).
ModelSim-Altera Info: #    Time: 0 ps  Iteration: 0  Instance: /VGA_Paint_tb/U1/\Mult1~mult_hlmac  File: VGA_Paint.vo Line: 7372
ModelSim-Altera Warning: # ** Warning: (vsim-3015) [PCDPC] - Port size (1) does not match connection size (18) for port 'bz'. The port definition is at: $MODEL_TECH/../altera/verilog/src/cyclonev_atoms.v(4330).
ModelSim-Altera Info: #    Time: 0 ps  Iteration: 0  Instance: /VGA_Paint_tb/U1/\Mult1~mult_hlmac  File: VGA_Paint.vo Line: 7372
ModelSim-Altera Warning: # ** Warning: (vsim-3015) [PCDPC] - Port size (14) does not match connection size (27) for port 'scanin'. The port definition is at: $MODEL_TECH/../altera/verilog/src/cyclonev_atoms.v(4332).
ModelSim-Altera Info: #    Time: 0 ps  Iteration: 0  Instance: /VGA_Paint_tb/U1/\Mult1~mult_hlmac  File: VGA_Paint.vo Line: 7372
ModelSim-Altera Warning: # ** Warning: (vsim-3015) [PCDPC] - Port size (64) does not match connection size (1) for port 'chainin'. The port definition is at: $MODEL_TECH/../altera/verilog/src/cyclonev_atoms.v(4333).
ModelSim-Altera Info: #    Time: 0 ps  Iteration: 0  Instance: /VGA_Paint_tb/U1/\Mult1~mult_hlmac  File: VGA_Paint.vo Line: 7372
ModelSim-Altera Warning: # ** Warning: (vsim-3015) [PCDPC] - Port size (<protected>) does not match connection size (<protected>) for <protected>.<protected>
ModelSim-Altera Info: #    Time: 0 ps  Iteration: 0  Protected: /VGA_Paint_tb/U1/\Mult1~mult_hlmac /inst/<protected> File: $MODEL_TECH/../altera/verilog/src/mentor/cyclonev_atoms_ncrypt.v Line: 38
ModelSim-Altera Warning: # ** Warning: (vsim-3015) [PCDPC] - Port size (<protected>) does not match connection size (<protected>) for <protected>.<protected>
ModelSim-Altera Info: #    Time: 0 ps  Iteration: 0  Protected: /VGA_Paint_tb/U1/\Mult1~mult_hlmac /inst/<protected> File: $MODEL_TECH/../altera/verilog/src/mentor/cyclonev_atoms_ncrypt.v Line: 38
ModelSim-Altera Warning: # ** Warning: (vsim-3016) Port type is incompatible with connection (port 'ax').
ModelSim-Altera Info: #    Time: 0 ps  Iteration: 0  Instance: /VGA_Paint_tb/U1/\Mult0~mac  File: VGA_Paint.vo Line: 7452
ModelSim-Altera Warning: # ** Warning: (vsim-3016) Port type is incompatible with connection (port 'ax').
ModelSim-Altera Info: #    Time: 0 ps  Iteration: 0  Instance: /VGA_Paint_tb/U1/\Mult0~mac  File: VGA_Paint.vo Line: 7452
ModelSim-Altera Warning: # ** Warning: (vsim-3016) Port type is incompatible with connection (port 'ax').
ModelSim-Altera Info: #    Time: 0 ps  Iteration: 0  Instance: /VGA_Paint_tb/U1/\Mult0~mac  File: VGA_Paint.vo Line: 7452
ModelSim-Altera Warning: # ** Warning: (vsim-3015) [PCDPC] - Port size (1) does not match connection size (26) for port 'az'. The port definition is at: $MODEL_TECH/../altera/verilog/src/cyclonev_atoms.v(4326).
ModelSim-Altera Info: #    Time: 0 ps  Iteration: 0  Instance: /VGA_Paint_tb/U1/\Mult0~mac  File: VGA_Paint.vo Line: 7452
ModelSim-Altera Warning: # ** Warning: (vsim-3015) [PCDPC] - Port size (1) does not match connection size (18) for port 'bz'. The port definition is at: $MODEL_TECH/../altera/verilog/src/cyclonev_atoms.v(4330).
ModelSim-Altera Info: #    Time: 0 ps  Iteration: 0  Instance: /VGA_Paint_tb/U1/\Mult0~mac  File: VGA_Paint.vo Line: 7452
ModelSim-Altera Warning: # ** Warning: (vsim-3015) [PCDPC] - Port size (10) does not match connection size (27) for port 'scanin'. The port definition is at: $MODEL_TECH/../altera/verilog/src/cyclonev_atoms.v(4332).
ModelSim-Altera Info: #    Time: 0 ps  Iteration: 0  Instance: /VGA_Paint_tb/U1/\Mult0~mac  File: VGA_Paint.vo Line: 7452
ModelSim-Altera Warning: # ** Warning: (vsim-3015) [PCDPC] - Port size (64) does not match connection size (1) for port 'chainin'. The port definition is at: $MODEL_TECH/../altera/verilog/src/cyclonev_atoms.v(4333).
ModelSim-Altera Info: #    Time: 0 ps  Iteration: 0  Instance: /VGA_Paint_tb/U1/\Mult0~mac  File: VGA_Paint.vo Line: 7452
ModelSim-Altera Warning: # ** Warning: (vsim-3015) [PCDPC] - Port size (<protected>) does not match connection size (<protected>) for <protected>.<protected>
ModelSim-Altera Info: #    Time: 0 ps  Iteration: 0  Protected: /VGA_Paint_tb/U1/\Mult0~mac /inst/<protected> File: $MODEL_TECH/../altera/verilog/src/mentor/cyclonev_atoms_ncrypt.v Line: 38
ModelSim-Altera Warning: # ** Warning: (vsim-3015) [PCDPC] - Port size (<protected>) does not match connection size (<protected>) for <protected>.<protected>
ModelSim-Altera Info: #    Time: 0 ps  Iteration: 0  Protected: /VGA_Paint_tb/U1/\Mult0~mac /inst/<protected> File: $MODEL_TECH/../altera/verilog/src/mentor/cyclonev_atoms_ncrypt.v Line: 38
ModelSim-Altera Warning: # ** Warning: (vsim-3016) Port type is incompatible with connection (port 'ax').
ModelSim-Altera Info: #    Time: 0 ps  Iteration: 0  Instance: /VGA_Paint_tb/U1/\Mult2~326  File: VGA_Paint.vo Line: 7780
ModelSim-Altera Warning: # ** Warning: (vsim-3016) Port type is incompatible with connection (port 'ax').
ModelSim-Altera Info: #    Time: 0 ps  Iteration: 0  Instance: /VGA_Paint_tb/U1/\Mult2~326  File: VGA_Paint.vo Line: 7780
ModelSim-Altera Warning: # ** Warning: (vsim-3016) Port type is incompatible with connection (port 'ax').
ModelSim-Altera Info: #    Time: 0 ps  Iteration: 0  Instance: /VGA_Paint_tb/U1/\Mult2~326  File: VGA_Paint.vo Line: 7780
ModelSim-Altera Warning: # ** Warning: (vsim-3016) Port type is incompatible with connection (port 'ax').
ModelSim-Altera Info: #    Time: 0 ps  Iteration: 0  Instance: /VGA_Paint_tb/U1/\Mult2~326  File: VGA_Paint.vo Line: 7780
ModelSim-Altera Warning: # ** Warning: (vsim-3016) Port type is incompatible with connection (port 'ax').
ModelSim-Altera Info: #    Time: 0 ps  Iteration: 0  Instance: /VGA_Paint_tb/U1/\Mult2~326  File: VGA_Paint.vo Line: 7780
ModelSim-Altera Warning: # ** Warning: (vsim-3016) Port type is incompatible with connection (port 'ax').
ModelSim-Altera Info: #    Time: 0 ps  Iteration: 0  Instance: /VGA_Paint_tb/U1/\Mult2~326  File: VGA_Paint.vo Line: 7780
ModelSim-Altera Warning: # ** Warning: (vsim-3015) [PCDPC] - Port size (1) does not match connection size (26) for port 'az'. The port definition is at: $MODEL_TECH/../altera/verilog/src/cyclonev_atoms.v(4326).
ModelSim-Altera Info: #    Time: 0 ps  Iteration: 0  Instance: /VGA_Paint_tb/U1/\Mult2~326  File: VGA_Paint.vo Line: 7780
ModelSim-Altera Warning: # ** Warning: (vsim-3015) [PCDPC] - Port size (16) does not match connection size (18) for port 'bx'. The port definition is at: $MODEL_TECH/../altera/verilog/src/cyclonev_atoms.v(4328).
ModelSim-Altera Info: #    Time: 0 ps  Iteration: 0  Instance: /VGA_Paint_tb/U1/\Mult2~326  File: VGA_Paint.vo Line: 7780
ModelSim-Altera Warning: # ** Warning: (vsim-3015) [PCDPC] - Port size (16) does not match connection size (19) for port 'by'. The port definition is at: $MODEL_TECH/../altera/verilog/src/cyclonev_atoms.v(4329).
ModelSim-Altera Info: #    Time: 0 ps  Iteration: 0  Instance: /VGA_Paint_tb/U1/\Mult2~326  File: VGA_Paint.vo Line: 7780
ModelSim-Altera Warning: # ** Warning: (vsim-3015) [PCDPC] - Port size (1) does not match connection size (18) for port 'bz'. The port definition is at: $MODEL_TECH/../altera/verilog/src/cyclonev_atoms.v(4330).
ModelSim-Altera Info: #    Time: 0 ps  Iteration: 0  Instance: /VGA_Paint_tb/U1/\Mult2~326  File: VGA_Paint.vo Line: 7780
ModelSim-Altera Warning: # ** Warning: (vsim-3015) [PCDPC] - Port size (18) does not match connection size (27) for port 'scanin'. The port definition is at: $MODEL_TECH/../altera/verilog/src/cyclonev_atoms.v(4332).
ModelSim-Altera Info: #    Time: 0 ps  Iteration: 0  Instance: /VGA_Paint_tb/U1/\Mult2~326  File: VGA_Paint.vo Line: 7780
ModelSim-Altera Warning: # ** Warning: (vsim-3015) [PCDPC] - Port size (64) does not match connection size (1) for port 'chainin'. The port definition is at: $MODEL_TECH/../altera/verilog/src/cyclonev_atoms.v(4333).
ModelSim-Altera Info: #    Time: 0 ps  Iteration: 0  Instance: /VGA_Paint_tb/U1/\Mult2~326  File: VGA_Paint.vo Line: 7780
ModelSim-Altera Warning: # ** Warning: (vsim-3015) [PCDPC] - Port size (<protected>) does not match connection size (<protected>) for <protected>.<protected>
ModelSim-Altera Info: #    Time: 0 ps  Iteration: 0  Protected: /VGA_Paint_tb/U1/\Mult2~326 /inst/<protected> File: $MODEL_TECH/../altera/verilog/src/mentor/cyclonev_atoms_ncrypt.v Line: 38
ModelSim-Altera Warning: # ** Warning: (vsim-3015) [PCDPC] - Port size (<protected>) does not match connection size (<protected>) for <protected>.<protected>
ModelSim-Altera Info: #    Time: 0 ps  Iteration: 0  Protected: /VGA_Paint_tb/U1/\Mult2~326 /inst/<protected> File: $MODEL_TECH/../altera/verilog/src/mentor/cyclonev_atoms_ncrypt.v Line: 38
ModelSim-Altera Warning: # ** Warning: (vsim-3016) Port type is incompatible with connection (port 'ax').
ModelSim-Altera Info: #    Time: 0 ps  Iteration: 0  Instance: /VGA_Paint_tb/U1/\Mult2~mult_hlmac  File: VGA_Paint.vo Line: 7859
ModelSim-Altera Warning: # ** Warning: (vsim-3016) Port type is incompatible with connection (port 'ax').
ModelSim-Altera Info: #    Time: 0 ps  Iteration: 0  Instance: /VGA_Paint_tb/U1/\Mult2~mult_hlmac  File: VGA_Paint.vo Line: 7859
ModelSim-Altera Warning: # ** Warning: (vsim-3016) Port type is incompatible with connection (port 'ax').
ModelSim-Altera Info: #    Time: 0 ps  Iteration: 0  Instance: /VGA_Paint_tb/U1/\Mult2~mult_hlmac  File: VGA_Paint.vo Line: 7859
ModelSim-Altera Warning: # ** Warning: (vsim-3016) Port type is incompatible with connection (port 'ax').
ModelSim-Altera Info: #    Time: 0 ps  Iteration: 0  Instance: /VGA_Paint_tb/U1/\Mult2~mult_hlmac  File: VGA_Paint.vo Line: 7859
ModelSim-Altera Warning: # ** Warning: (vsim-3016) Port type is incompatible with connection (port 'ax').
ModelSim-Altera Info: #    Time: 0 ps  Iteration: 0  Instance: /VGA_Paint_tb/U1/\Mult2~mult_hlmac  File: VGA_Paint.vo Line: 7859
ModelSim-Altera Warning: # ** Warning: (vsim-3016) Port type is incompatible with connection (port 'ax').
ModelSim-Altera Info: #    Time: 0 ps  Iteration: 0  Instance: /VGA_Paint_tb/U1/\Mult2~mult_hlmac  File: VGA_Paint.vo Line: 7859
ModelSim-Altera Warning: # ** Warning: (vsim-3015) [PCDPC] - Port size (1) does not match connection size (26) for port 'az'. The port definition is at: $MODEL_TECH/../altera/verilog/src/cyclonev_atoms.v(4326).
ModelSim-Altera Info: #    Time: 0 ps  Iteration: 0  Instance: /VGA_Paint_tb/U1/\Mult2~mult_hlmac  File: VGA_Paint.vo Line: 7859
ModelSim-Altera Warning: # ** Warning: (vsim-3015) [PCDPC] - Port size (1) does not match connection size (18) for port 'bz'. The port definition is at: $MODEL_TECH/../altera/verilog/src/cyclonev_atoms.v(4330).
ModelSim-Altera Info: #    Time: 0 ps  Iteration: 0  Instance: /VGA_Paint_tb/U1/\Mult2~mult_hlmac  File: VGA_Paint.vo Line: 7859
ModelSim-Altera Warning: # ** Warning: (vsim-3015) [PCDPC] - Port size (14) does not match connection size (27) for port 'scanin'. The port definition is at: $MODEL_TECH/../altera/verilog/src/cyclonev_atoms.v(4332).
ModelSim-Altera Info: #    Time: 0 ps  Iteration: 0  Instance: /VGA_Paint_tb/U1/\Mult2~mult_hlmac  File: VGA_Paint.vo Line: 7859
ModelSim-Altera Warning: # ** Warning: (vsim-3015) [PCDPC] - Port size (64) does not match connection size (1) for port 'chainin'. The port definition is at: $MODEL_TECH/../altera/verilog/src/cyclonev_atoms.v(4333).
ModelSim-Altera Info: #    Time: 0 ps  Iteration: 0  Instance: /VGA_Paint_tb/U1/\Mult2~mult_hlmac  File: VGA_Paint.vo Line: 7859
ModelSim-Altera Warning: # ** Warning: (vsim-3015) [PCDPC] - Port size (<protected>) does not match connection size (<protected>) for <protected>.<protected>
ModelSim-Altera Info: #    Time: 0 ps  Iteration: 0  Protected: /VGA_Paint_tb/U1/\Mult2~mult_hlmac /inst/<protected> File: $MODEL_TECH/../altera/verilog/src/mentor/cyclonev_atoms_ncrypt.v Line: 38
ModelSim-Altera Warning: # ** Warning: (vsim-3015) [PCDPC] - Port size (<protected>) does not match connection size (<protected>) for <protected>.<protected>
ModelSim-Altera Info: #    Time: 0 ps  Iteration: 0  Protected: /VGA_Paint_tb/U1/\Mult2~mult_hlmac /inst/<protected> File: $MODEL_TECH/../altera/verilog/src/mentor/cyclonev_atoms_ncrypt.v Line: 38
ModelSim-Altera Warning: # ** Warning: (vsim-3016) Port type is incompatible with connection (port 'ax').
ModelSim-Altera Info: #    Time: 0 ps  Iteration: 0  Instance: /VGA_Paint_tb/U1/\Mult4~8  File: VGA_Paint.vo Line: 8785
ModelSim-Altera Warning: # ** Warning: (vsim-3016) Port type is incompatible with connection (port 'ax').
ModelSim-Altera Info: #    Time: 0 ps  Iteration: 0  Instance: /VGA_Paint_tb/U1/\Mult4~8  File: VGA_Paint.vo Line: 8785
ModelSim-Altera Warning: # ** Warning: (vsim-3016) Port type is incompatible with connection (port 'ax').
ModelSim-Altera Info: #    Time: 0 ps  Iteration: 0  Instance: /VGA_Paint_tb/U1/\Mult4~8  File: VGA_Paint.vo Line: 8785
ModelSim-Altera Warning: # ** Warning: (vsim-3016) Port type is incompatible with connection (port 'ax').
ModelSim-Altera Info: #    Time: 0 ps  Iteration: 0  Instance: /VGA_Paint_tb/U1/\Mult4~8  File: VGA_Paint.vo Line: 8785
ModelSim-Altera Warning: # ** Warning: (vsim-3016) Port type is incompatible with connection (port 'ax').
ModelSim-Altera Info: #    Time: 0 ps  Iteration: 0  Instance: /VGA_Paint_tb/U1/\Mult4~8  File: VGA_Paint.vo Line: 8785
ModelSim-Altera Warning: # ** Warning: (vsim-3016) Port type is incompatible with connection (port 'ax').
ModelSim-Altera Info: #    Time: 0 ps  Iteration: 0  Instance: /VGA_Paint_tb/U1/\Mult4~8  File: VGA_Paint.vo Line: 8785
ModelSim-Altera Warning: # ** Warning: (vsim-3015) [PCDPC] - Port size (1) does not match connection size (26) for port 'az'. The port definition is at: $MODEL_TECH/../altera/verilog/src/cyclonev_atoms.v(4326).
ModelSim-Altera Info: #    Time: 0 ps  Iteration: 0  Instance: /VGA_Paint_tb/U1/\Mult4~8  File: VGA_Paint.vo Line: 8785
ModelSim-Altera Warning: # ** Warning: (vsim-3015) [PCDPC] - Port size (16) does not match connection size (18) for port 'bx'. The port definition is at: $MODEL_TECH/../altera/verilog/src/cyclonev_atoms.v(4328).
ModelSim-Altera Info: #    Time: 0 ps  Iteration: 0  Instance: /VGA_Paint_tb/U1/\Mult4~8  File: VGA_Paint.vo Line: 8785
ModelSim-Altera Warning: # ** Warning: (vsim-3015) [PCDPC] - Port size (16) does not match connection size (19) for port 'by'. The port definition is at: $MODEL_TECH/../altera/verilog/src/cyclonev_atoms.v(4329).
ModelSim-Altera Info: #    Time: 0 ps  Iteration: 0  Instance: /VGA_Paint_tb/U1/\Mult4~8  File: VGA_Paint.vo Line: 8785
ModelSim-Altera Warning: # ** Warning: (vsim-3015) [PCDPC] - Port size (1) does not match connection size (18) for port 'bz'. The port definition is at: $MODEL_TECH/../altera/verilog/src/cyclonev_atoms.v(4330).
ModelSim-Altera Info: #    Time: 0 ps  Iteration: 0  Instance: /VGA_Paint_tb/U1/\Mult4~8  File: VGA_Paint.vo Line: 8785
ModelSim-Altera Warning: # ** Warning: (vsim-3015) [PCDPC] - Port size (18) does not match connection size (27) for port 'scanin'. The port definition is at: $MODEL_TECH/../altera/verilog/src/cyclonev_atoms.v(4332).
ModelSim-Altera Info: #    Time: 0 ps  Iteration: 0  Instance: /VGA_Paint_tb/U1/\Mult4~8  File: VGA_Paint.vo Line: 8785
ModelSim-Altera Warning: # ** Warning: (vsim-3015) [PCDPC] - Port size (64) does not match connection size (1) for port 'chainin'. The port definition is at: $MODEL_TECH/../altera/verilog/src/cyclonev_atoms.v(4333).
ModelSim-Altera Info: #    Time: 0 ps  Iteration: 0  Instance: /VGA_Paint_tb/U1/\Mult4~8  File: VGA_Paint.vo Line: 8785
ModelSim-Altera Warning: # ** Warning: (vsim-3015) [PCDPC] - Port size (<protected>) does not match connection size (<protected>) for <protected>.<protected>
ModelSim-Altera Info: #    Time: 0 ps  Iteration: 0  Protected: /VGA_Paint_tb/U1/\Mult4~8 /inst/<protected> File: $MODEL_TECH/../altera/verilog/src/mentor/cyclonev_atoms_ncrypt.v Line: 38
ModelSim-Altera Warning: # ** Warning: (vsim-3015) [PCDPC] - Port size (<protected>) does not match connection size (<protected>) for <protected>.<protected>
ModelSim-Altera Info: #    Time: 0 ps  Iteration: 0  Protected: /VGA_Paint_tb/U1/\Mult4~8 /inst/<protected> File: $MODEL_TECH/../altera/verilog/src/mentor/cyclonev_atoms_ncrypt.v Line: 38
ModelSim-Altera Warning: # ** Warning: (vsim-3016) Port type is incompatible with connection (port 'ax').
ModelSim-Altera Info: #    Time: 0 ps  Iteration: 0  Instance: /VGA_Paint_tb/U1/\Mult4~mult_hlmac  File: VGA_Paint.vo Line: 8864
ModelSim-Altera Warning: # ** Warning: (vsim-3016) Port type is incompatible with connection (port 'ax').
ModelSim-Altera Info: #    Time: 0 ps  Iteration: 0  Instance: /VGA_Paint_tb/U1/\Mult4~mult_hlmac  File: VGA_Paint.vo Line: 8864
ModelSim-Altera Warning: # ** Warning: (vsim-3016) Port type is incompatible with connection (port 'ax').
ModelSim-Altera Info: #    Time: 0 ps  Iteration: 0  Instance: /VGA_Paint_tb/U1/\Mult4~mult_hlmac  File: VGA_Paint.vo Line: 8864
ModelSim-Altera Warning: # ** Warning: (vsim-3016) Port type is incompatible with connection (port 'ax').
ModelSim-Altera Info: #    Time: 0 ps  Iteration: 0  Instance: /VGA_Paint_tb/U1/\Mult4~mult_hlmac  File: VGA_Paint.vo Line: 8864
ModelSim-Altera Warning: # ** Warning: (vsim-3016) Port type is incompatible with connection (port 'ax').
ModelSim-Altera Info: #    Time: 0 ps  Iteration: 0  Instance: /VGA_Paint_tb/U1/\Mult4~mult_hlmac  File: VGA_Paint.vo Line: 8864
ModelSim-Altera Warning: # ** Warning: (vsim-3016) Port type is incompatible with connection (port 'ax').
ModelSim-Altera Info: #    Time: 0 ps  Iteration: 0  Instance: /VGA_Paint_tb/U1/\Mult4~mult_hlmac  File: VGA_Paint.vo Line: 8864
ModelSim-Altera Warning: # ** Warning: (vsim-3015) [PCDPC] - Port size (1) does not match connection size (26) for port 'az'. The port definition is at: $MODEL_TECH/../altera/verilog/src/cyclonev_atoms.v(4326).
ModelSim-Altera Info: #    Time: 0 ps  Iteration: 0  Instance: /VGA_Paint_tb/U1/\Mult4~mult_hlmac  File: VGA_Paint.vo Line: 8864
ModelSim-Altera Warning: # ** Warning: (vsim-3015) [PCDPC] - Port size (1) does not match connection size (18) for port 'bz'. The port definition is at: $MODEL_TECH/../altera/verilog/src/cyclonev_atoms.v(4330).
ModelSim-Altera Info: #    Time: 0 ps  Iteration: 0  Instance: /VGA_Paint_tb/U1/\Mult4~mult_hlmac  File: VGA_Paint.vo Line: 8864
ModelSim-Altera Warning: # ** Warning: (vsim-3015) [PCDPC] - Port size (14) does not match connection size (27) for port 'scanin'. The port definition is at: $MODEL_TECH/../altera/verilog/src/cyclonev_atoms.v(4332).
ModelSim-Altera Info: #    Time: 0 ps  Iteration: 0  Instance: /VGA_Paint_tb/U1/\Mult4~mult_hlmac  File: VGA_Paint.vo Line: 8864
ModelSim-Altera Warning: # ** Warning: (vsim-3015) [PCDPC] - Port size (64) does not match connection size (1) for port 'chainin'. The port definition is at: $MODEL_TECH/../altera/verilog/src/cyclonev_atoms.v(4333).
ModelSim-Altera Info: #    Time: 0 ps  Iteration: 0  Instance: /VGA_Paint_tb/U1/\Mult4~mult_hlmac  File: VGA_Paint.vo Line: 8864
ModelSim-Altera Warning: # ** Warning: (vsim-3015) [PCDPC] - Port size (<protected>) does not match connection size (<protected>) for <protected>.<protected>
ModelSim-Altera Info: #    Time: 0 ps  Iteration: 0  Protected: /VGA_Paint_tb/U1/\Mult4~mult_hlmac /inst/<protected> File: $MODEL_TECH/../altera/verilog/src/mentor/cyclonev_atoms_ncrypt.v Line: 38
ModelSim-Altera Warning: # ** Warning: (vsim-3015) [PCDPC] - Port size (<protected>) does not match connection size (<protected>) for <protected>.<protected>
ModelSim-Altera Info: #    Time: 0 ps  Iteration: 0  Protected: /VGA_Paint_tb/U1/\Mult4~mult_hlmac /inst/<protected> File: $MODEL_TECH/../altera/verilog/src/mentor/cyclonev_atoms_ncrypt.v Line: 38
ModelSim-Altera Warning: # ** Warning: (vsim-3016) Port type is incompatible with connection (port 'ax').
ModelSim-Altera Info: #    Time: 0 ps  Iteration: 0  Instance: /VGA_Paint_tb/U1/\Mult3~8  File: VGA_Paint.vo Line: 8944
ModelSim-Altera Warning: # ** Warning: (vsim-3016) Port type is incompatible with connection (port 'ax').
ModelSim-Altera Info: #    Time: 0 ps  Iteration: 0  Instance: /VGA_Paint_tb/U1/\Mult3~8  File: VGA_Paint.vo Line: 8944
ModelSim-Altera Warning: # ** Warning: (vsim-3016) Port type is incompatible with connection (port 'ax').
ModelSim-Altera Info: #    Time: 0 ps  Iteration: 0  Instance: /VGA_Paint_tb/U1/\Mult3~8  File: VGA_Paint.vo Line: 8944
ModelSim-Altera Warning: # ** Warning: (vsim-3016) Port type is incompatible with connection (port 'ax').
ModelSim-Altera Info: #    Time: 0 ps  Iteration: 0  Instance: /VGA_Paint_tb/U1/\Mult3~8  File: VGA_Paint.vo Line: 8944
ModelSim-Altera Warning: # ** Warning: (vsim-3015) [PCDPC] - Port size (1) does not match connection size (26) for port 'az'. The port definition is at: $MODEL_TECH/../altera/verilog/src/cyclonev_atoms.v(4326).
ModelSim-Altera Info: #    Time: 0 ps  Iteration: 0  Instance: /VGA_Paint_tb/U1/\Mult3~8  File: VGA_Paint.vo Line: 8944
ModelSim-Altera Warning: # ** Warning: (vsim-3015) [PCDPC] - Port size (16) does not match connection size (18) for port 'bx'. The port definition is at: $MODEL_TECH/../altera/verilog/src/cyclonev_atoms.v(4328).
ModelSim-Altera Info: #    Time: 0 ps  Iteration: 0  Instance: /VGA_Paint_tb/U1/\Mult3~8  File: VGA_Paint.vo Line: 8944
ModelSim-Altera Warning: # ** Warning: (vsim-3015) [PCDPC] - Port size (16) does not match connection size (19) for port 'by'. The port definition is at: $MODEL_TECH/../altera/verilog/src/cyclonev_atoms.v(4329).
ModelSim-Altera Info: #    Time: 0 ps  Iteration: 0  Instance: /VGA_Paint_tb/U1/\Mult3~8  File: VGA_Paint.vo Line: 8944
ModelSim-Altera Warning: # ** Warning: (vsim-3015) [PCDPC] - Port size (1) does not match connection size (18) for port 'bz'. The port definition is at: $MODEL_TECH/../altera/verilog/src/cyclonev_atoms.v(4330).
ModelSim-Altera Info: #    Time: 0 ps  Iteration: 0  Instance: /VGA_Paint_tb/U1/\Mult3~8  File: VGA_Paint.vo Line: 8944
ModelSim-Altera Warning: # ** Warning: (vsim-3015) [PCDPC] - Port size (10) does not match connection size (27) for port 'scanin'. The port definition is at: $MODEL_TECH/../altera/verilog/src/cyclonev_atoms.v(4332).
ModelSim-Altera Info: #    Time: 0 ps  Iteration: 0  Instance: /VGA_Paint_tb/U1/\Mult3~8  File: VGA_Paint.vo Line: 8944
ModelSim-Altera Warning: # ** Warning: (vsim-3015) [PCDPC] - Port size (64) does not match connection size (1) for port 'chainin'. The port definition is at: $MODEL_TECH/../altera/verilog/src/cyclonev_atoms.v(4333).
ModelSim-Altera Info: #    Time: 0 ps  Iteration: 0  Instance: /VGA_Paint_tb/U1/\Mult3~8  File: VGA_Paint.vo Line: 8944
ModelSim-Altera Warning: # ** Warning: (vsim-3015) [PCDPC] - Port size (<protected>) does not match connection size (<protected>) for <protected>.<protected>
ModelSim-Altera Info: #    Time: 0 ps  Iteration: 0  Protected: /VGA_Paint_tb/U1/\Mult3~8 /inst/<protected> File: $MODEL_TECH/../altera/verilog/src/mentor/cyclonev_atoms_ncrypt.v Line: 38
ModelSim-Altera Warning: # ** Warning: (vsim-3015) [PCDPC] - Port size (<protected>) does not match connection size (<protected>) for <protected>.<protected>
ModelSim-Altera Info: #    Time: 0 ps  Iteration: 0  Protected: /VGA_Paint_tb/U1/\Mult3~8 /inst/<protected> File: $MODEL_TECH/../altera/verilog/src/mentor/cyclonev_atoms_ncrypt.v Line: 38
ModelSim-Altera Info: # 
ModelSim-Altera Info: # add wave *
ModelSim-Altera Warning: # ** Warning: (vsim-WLF-5000) WLF file currently in use: vsim.wlf
ModelSim-Altera Info: #           File in use by: a7032  Hostname: DESKTOP-U6C53SH  ProcessID: 13512
ModelSim-Altera Info: #           Attempting to use alternate WLF file "./wlft8ztbxw".
ModelSim-Altera Warning: # ** Warning: (vsim-WLF-5001) Could not open WLF file: vsim.wlf
ModelSim-Altera Info: #           Using alternate file: ./wlft8ztbxw
ModelSim-Altera Info: # view structure
ModelSim-Altera Info: # .main_pane.structure.interior.cs.body.struct
ModelSim-Altera Info: # view signals
ModelSim-Altera Info: # .main_pane.objects.interior.cs.body.tree
ModelSim-Altera Info: # run 1 sec
ModelSim-Altera Info: # Break key hit
ModelSim-Altera Info: # Simulation stop requested.
ModelSim-Altera Info: # End time: 20:13:28 on May 22,2022, Elapsed time: 0:30:49
ModelSim-Altera Info: # Errors: 0, Warnings: 156
Info: NativeLink simulation flow was successful
